<!DOCTYPE html>
<html lang="en">
<head>
  <meta charset="utf-8">
<!-- classlists.qdoc -->
  <title>Autolinking | TestCPP</title>
</head>
<body>
<div class="sidebar">
<div class="toc">
<h3 id="toc">Contents</h3>
<ul>
<li class="level1"><a href="#testqdoc">TestQDoc</a></li>
</ul>
</div>
<div class="sidebar-content" id="sidebar-content"></div></div>
<h1 class="title">Autolinking</h1>
<!-- $$$autolinking.html-description -->
<div class="descr" id="details">
<h2 id="testqdoc">TestQDoc</h2>
<p>The string <a href="testqdoc.html">TestQDoc</a> links to the C++ namespace unless linking explicitly, <a href="autolinking.html#testqdoc">like this</a>, or <a href="autolinking.html#testqdoc">this</a>. Also,</p>
<p>Autolinks:</p>
<ul>
<li><a href="testqdoc-testderived.html">TestQDoc::TestDerived</a></li>
</ul>
<p>Explicit links:</p>
<ul>
<li><a href="testqdoc-testderived.html">TestQDoc::TestDerived</a></li>
<li><a href="obsolete-classes.html#testqdoc">Obsolete Classes#TestQDoc</a></li>
</ul>
</div>
<!-- @@@autolinking.html -->
</body>
</html>
