<!DOCTYPE html>
<html lang="en">
<head>
  <meta charset="utf-8">
<!-- testcpp.cpp -->
  <title>CrossModuleRef Namespace | TestCPP</title>
</head>
<body>
<div class="sidebar">
<div class="toc">
<h3 id="toc">Contents</h3>
<ul>
<li class="level1"><a href="#functions">Functions</a></li>
<li class="level1"><a href="#details">Detailed Description</a></li>
</ul>
</div>
<div class="sidebar-content" id="sidebar-content"></div></div>
<h1 class="title">CrossModuleRef Namespace</h1>
<!-- $$$CrossModuleRef-brief -->
<p>Namespace that has documented functions in multiple modules. <a href="#details">More...</a></p>
<!-- @@@CrossModuleRef -->
<div class="table"><table class="alignedsummary">
<tr><td class="memItemLeft rightAlign topAlign"> Header:</td><td class="memItemRight bottomAlign"> <span class="preprocessor">#include &lt;CrossModuleRef&gt;</span>
</td></tr><tr><td class="memItemLeft rightAlign topAlign"> CMake:</td><td class="memItemRight bottomAlign"> find_package(Qt6 COMPONENTS QDocTest REQUIRED) <br/>
target_link_libraries(mytarget PRIVATE Qt6::QDocTest)</td></tr><tr><td class="memItemLeft rightAlign topAlign"> qmake:</td><td class="memItemRight bottomAlign"> QT += testcpp</td></tr></table></div>
<h2 id="functions">Functions</h2>
<div class="table"><table class="alignedsummary">
<tr><td class="memItemLeft rightAlign topAlign"> void </td><td class="memItemRight bottomAlign"><b><a href="crossmoduleref.html#documentMe">documentMe</a></b>()</td></tr>
<tr><td class="memItemLeft rightAlign topAlign"> void </td><td class="memItemRight bottomAlign"><b><a href="crossmoduleref-sub-crossmodule.html#documentMeToo">documentMeToo</a></b>()</td></tr>
</table></div>
<!-- $$$CrossModuleRef-description -->
<div class="descr">
<h2 id="details">Detailed Description</h2>
</div>
<!-- @@@CrossModuleRef -->
<div class="func">
<h2>Function Documentation</h2>
<!-- $$$documentMe[overload1]$$$documentMe -->
<h3 class="fn" id="documentMe"><span class="type">void</span> CrossModuleRef::<span class="name">documentMe</span>()</h3>
<p>Document me!</p>
<!-- @@@documentMe -->
</div>
</body>
</html>
