<!DOCTYPE html>
<html lang="en">
<head>
  <meta charset="utf-8">
<!-- type.cpp -->
  <title>TypeNoVersion QML Type | Test</title>
</head>
<body>
<div class="sidebar">
<div class="toc">
<h3 id="toc">Contents</h3>
<ul>
<li class="level1"><a href="#details">Detailed Description</a></li>
</ul>
</div>
<div class="sidebar-content" id="sidebar-content"></div></div>
<h1 class="title">TypeNoVersion QML Type</h1>
<!-- $$$TypeNoVersion-brief -->
<p>Another QML type documented in a .cpp file. <a href="#details">More...</a></p>
<!-- @@@TypeNoVersion -->
<div class="table"><table class="alignedsummary">
<tr><td class="memItemLeft rightAlign topAlign"> Import Statement:</td><td class="memItemRight bottomAlign"> import Test.NoVer</td></tr><tr><td class="memItemLeft rightAlign topAlign"> Instantiates:</td><td class="memItemRight bottomAlign"> <a href="testqdoc-testderived.html">TestDerived</a></td></tr></table></div><ul>
<li><a href="qml-test-nover-typenoversion-members.html">List of all members, including inherited members</a></li>
</ul>
<!-- $$$TypeNoVersion-description -->
<h2 id="details">Detailed Description</h2>
<!-- @@@TypeNoVersion -->
</body>
</html>
