<!DOCTYPE html>
<html lang="en">
<head>
  <meta charset="utf-8">
<!-- type.cpp -->
  <title>List of All Members for TypeNoVersion | Test</title>
</head>
<body>
<div class="sidebar"><div class="sidebar-content" id="sidebar-content"></div></div>
<h1 class="title">List of All Members for TypeNoVersion</h1>
<p>This is the complete list of members for <a href="qml-test-nover-typenoversion.html">TypeNoVersion</a>, including inherited members.</p>
</body>
</html>
