<!DOCTYPE html>
<html lang="en">
<head>
  <meta charset="utf-8">
<!-- type.cpp -->
  <title>List of All Members for Type | Test</title>
</head>
<body>
<div class="sidebar"><div class="sidebar-content" id="sidebar-content"></div></div>
<h1 class="title">List of All Members for Type</h1>
<p>This is the complete list of members for <a href="qml-qdoc-test-type.html">Type</a>, including inherited members.</p>
<ul>
<li class="fn"><b><a href="qml-qdoc-test-type.html#fifth-prop">fifth</a></b> : int</li>
<li class="fn"><b><a href="qml-qdoc-test-type.html#fourth-prop">fourth</a></b> : int</li>
<li class="fn"><b><a href="qml-qdoc-test-type.html#group-prop">group</a></b><ul>
<li class="fn"><b><a href="qml-qdoc-test-type.html#group.first-prop">group.first</a></b> : int</li>
<li class="fn"><b><a href="qml-qdoc-test-type.html#group.second-prop">group.second</a></b> : int</li>
<li class="fn"><b><a href="qml-qdoc-test-type.html#group.third-prop">group.third</a></b> : int</li>
</ul>
</li>
<li class="fn"><b><a href="qml-qdoc-test-type.html#id-prop">id</a></b> : int</li>
<li class="fn"><b><a href="qml-qdoc-test-type.html#name-prop">name</a></b> : string</li>
<li class="fn"><b><a href="qml-qdoc-test-type.html#type-attached-prop">type</a></b> : enumeration [attached]</li>
<li class="fn"><b><a href="qml-qdoc-test-type.html#completed-signal">completed</a></b>(int <i>status</i>)</li>
<li class="fn"><b><a href="qml-qdoc-test-type.html#configured-signal">configured</a></b>() [attached]</li>
<li class="fn">Type <b><a href="qml-qdoc-test-type.html#copy-method">copy</a></b>(<i>a</i>)</li>
<li class="fn"><b><a href="qml-qdoc-test-type-obsolete.html#deprecatedMethod-method">deprecatedMethod</a></b>()<code> (deprecated since 6.2)</code></li>
<li class="fn"><b><a href="qml-qdoc-test-type.html#disable-method">disable</a></b>()</li>
<li class="fn"><b><a href="qml-qdoc-test-type.html#enable-method">enable</a></b>()</li>
<li class="fn"><b><a href="qml-qdoc-test-type.html#group.created-signal">group.created</a></b>()</li>
</ul>
</body>
</html>
