<!DOCTYPE html>
<html lang="en">
<head>
  <meta charset="utf-8">
<!-- parent.qdoc -->
  <title>int QML Basic Type | Test</title>
</head>
<body>
<div class="sidebar">
<div class="toc">
<h3 id="toc">Contents</h3>
<ul>
<li class="level1"><a href="#methods">Methods</a></li>
<li class="level1"><a href="#details">Detailed Description</a></li>
</ul>
</div>
<div class="sidebar-content" id="sidebar-content"></div></div>
<h1 class="title">int QML Basic Type</h1>
<h2 id="methods">Methods</h2>
<ul>
<li class="fn">int <b><a href="qml-int.html#abs-method">abs</a></b>()</li>
</ul>
<!-- $$$int-description -->
<div class="descr" id="details">
</div>
<!-- @@@int -->
<h2>Method Documentation</h2>
<!-- $$$abs[overload1]$$$abs -->
<div class="qmlitem"><div class="qmlproto">
<div class="table"><table class="qmlname">
<tr valign="top" class="odd" id="abs-method">
<td class="tblQmlFuncNode"><p>
<span class="type"><a href="qml-int.html">int</a></span> <span class="name">abs</span>()</p></td></tr>
</table></div></div>
<div class="qmldoc"><p>Returns the absolute value of this integer.</p>
</div></div><!-- @@@abs -->
<br/>
</body>
</html>
