<!DOCTYPE html>
<html lang="en">
<head>
  <meta charset="utf-8">
<!-- testcpp.cpp -->
  <title>List of All Members for Test | TestCPP</title>
</head>
<body>
<li>Test</li>
<div class="sidebar"><div class="sidebar-content" id="sidebar-content"></div></div>
<h1 class="title">List of All Members for Test</h1>
<p>This is the complete list of members for <a href="testqdoc-test.html">TestQDoc::Test</a>, including inherited members.</p>
<ul>
<li class="fn"><span class="name"><b><a href="testqdoc-test.html#SomeType-typedef">SomeType</a></b></span></li>
<li class="fn"><span class="name"><b><a href="testqdoc-test.html#Test">Test</a></b></span>()</li>
<li class="fn"><span class="name"><b><a href="testqdoc-test.html#operator-eq">operator=</a></b></span>(TestQDoc::Test &amp;&amp;) : TestQDoc::Test &amp;</li>
<li class="fn"><span class="name"><b><a href="testqdoc-test.html#funcPtr">funcPtr</a></b></span>(bool, const char *) : void (*)(bool)</li>
<li class="fn"><span class="name"><b><a href="testqdoc-test.html#inlineFunction">inlineFunction</a></b></span>()</li>
<li class="fn"><span class="name"><b><a href="testqdoc-test.html#overload">overload</a></b></span>()</li>
<li class="fn"><span class="name"><b><a href="testqdoc-test.html#overload-1">overload</a></b></span>(bool)</li>
<li class="fn"><span class="name"><b><a href="testqdoc-test.html#someFunction">someFunction</a></b></span>(int, int) : int</li>
<li class="fn"><span class="name"><b><a href="testqdoc-test.html#someFunctionDefaultArg">someFunctionDefaultArg</a></b></span>(int, bool)</li>
<li class="fn"><span class="name"><b><a href="testqdoc-test.html#virtualFun">virtualFun</a></b></span>()</li>
</ul>
</body>
</html>
