<!DOCTYPE html>
<html lang="en">
<head>
  <meta charset="utf-8">
<!-- testcpp.cpp -->
  <title>Obsolete Members for Test | TestCPP</title>
</head>
<body>
<li>Test</li>
<div class="sidebar"><div class="sidebar-content" id="sidebar-content"></div></div>
<h1 class="title">Obsolete Members for Test</h1>
<p><b>The following members of class <a href="testqdoc-test.html">Test</a> are deprecated.</b> They are provided to keep old source code working. We strongly advise against using them in new code.</p>
<h2>Public Functions</h2>
<div class="table"><table class="alignedsummary">
<tr><td class="memItemLeft topAlign rightAlign"> <code>(deprecated) </code>void </td><td class="memItemRight bottomAlign"><b><a href="testqdoc-test-obsolete.html#anotherObsoleteMember">anotherObsoleteMember</a></b>()</td></tr>
<tr><td class="memItemLeft topAlign rightAlign"> <code>(deprecated (6.0)) </code>void </td><td class="memItemRight bottomAlign"><b><a href="testqdoc-test-obsolete.html#deprecatedMember">deprecatedMember</a></b>()</td></tr>
<tr><td class="memItemLeft topAlign rightAlign"> <code>(deprecated) </code>void </td><td class="memItemRight bottomAlign"><b><a href="testqdoc-test-obsolete.html#obsoleteMember">obsoleteMember</a></b>()</td></tr>
<tr><td class="memItemLeft topAlign rightAlign"> <code>(deprecated) </code>TestQDoc::Test &amp;</td><td class="memItemRight bottomAlign"><b><a href="testqdoc-test-obsolete.html#operator-2b-2b">operator++</a></b>()</td></tr>
<tr><td class="memItemLeft topAlign rightAlign"> <code>(deprecated) </code>TestQDoc::Test &amp;</td><td class="memItemRight bottomAlign"><b><a href="testqdoc-test-obsolete.html#operator--">operator--</a></b>()</td></tr>
</table></div>
<h2>Member Function Documentation</h2>
<!-- $$$ -->
<div class="fngroup">
<h3 class="fn fngroupitem" id="operator-2b-2b"><span class="type"><a href="testqdoc-test.html">TestQDoc::Test</a></span> &amp;Test::<span class="name">operator++</span>()</h3><h3 class="fn fngroupitem" id="operator--"><span class="type"><a href="testqdoc-test.html">TestQDoc::Test</a></span> &amp;Test::<span class="name">operator--</span>()</h3></div>
<p>This function is deprecated. We strongly advise against using it in new code.</p>
<!-- @@@ -->
<!-- $$$anotherObsoleteMember[overload1]$$$anotherObsoleteMember -->
<h3 class="fn" id="anotherObsoleteMember"><span class="type">void</span> Test::<span class="name">anotherObsoleteMember</span>()</h3>
<p>This function is deprecated. We strongly advise against using it in new code.</p>
<p>Use <a href="testqdoc-test-obsolete.html#obsoleteMember">obsoleteMember</a>() instead.</p>
<!-- @@@anotherObsoleteMember -->
<!-- $$$deprecatedMember[overload1]$$$deprecatedMember -->
<h3 class="fn" id="deprecatedMember"><span class="type">void</span> Test::<span class="name">deprecatedMember</span>()</h3>
<p>This function is deprecated since 6.0. We strongly advise against using it in new code.</p>
<p>Use <a href="testqdoc-test.html#someFunction">someFunction</a>() instead.</p>
<!-- @@@deprecatedMember -->
<!-- $$$obsoleteMember[overload1]$$$obsoleteMember -->
<h3 class="fn" id="obsoleteMember"><span class="type">void</span> Test::<span class="name">obsoleteMember</span>()</h3>
<p>This function is deprecated. We strongly advise against using it in new code.</p>
<p>Use <a href="testqdoc-test.html#someFunction">someFunction</a>() instead.</p>
<!-- @@@obsoleteMember -->
</body>
</html>
