<!DOCTYPE html>
<html lang="en">
<head>
  <meta charset="utf-8">
<!-- testcpp.cpp -->
  <title>Test Class | TestCPP</title>
</head>
<body>
<li>Test</li>
<div class="sidebar">
<div class="toc">
<h3 id="toc">Contents</h3>
<ul>
<li class="level1"><a href="#public-types">Public Types</a></li>
<li class="level1"><a href="#public-functions">Public Functions</a></li>
<li class="level1"><a href="#protected-functions">Protected Functions</a></li>
<li class="level1"><a href="#related-non-members">Related Non-Members</a></li>
<li class="level1"><a href="#macros">Macros</a></li>
<li class="level1"><a href="#details">Detailed Description</a></li>
</ul>
</div>
<div class="sidebar-content" id="sidebar-content"></div></div>
<h1 class="title">Test Class</h1>
<span class="small-subtitle">class <a href="testqdoc.html">TestQDoc</a>::Test</span>
<!-- $$$Test-brief -->
<p>A class in a namespace. <a href="#details">More...</a></p>
<!-- @@@Test -->
<div class="table"><table class="alignedsummary">
<tr><td class="memItemLeft rightAlign topAlign"> Header:</td><td class="memItemRight bottomAlign"> <span class="preprocessor">#include &lt;Test&gt;</span>
</td></tr><tr><td class="memItemLeft rightAlign topAlign"> CMake:</td><td class="memItemRight bottomAlign"> find_package(Qt6 COMPONENTS QDocTest REQUIRED) <br/>
target_link_libraries(mytarget PRIVATE Qt6::QDocTest)</td></tr><tr><td class="memItemLeft rightAlign topAlign"> qmake:</td><td class="memItemRight bottomAlign"> QT += testcpp</td></tr><tr><td class="memItemLeft rightAlign topAlign"> Inherited By:</td><td class="memItemRight bottomAlign"> <p><a href="testqdoc-testderived.html">TestQDoc::TestDerived</a></p>
</td></tr></table></div>
<ul>
<li><a href="testqdoc-test-members.html">List of all members, including inherited members</a></li>
<li><a href="testqdoc-test-obsolete.html">Deprecated members</a></li>
</ul>
<h2 id="public-types">Public Types</h2>
<div class="table"><table class="alignedsummary">
<tr><td class="memItemLeft rightAlign topAlign"> </td><td class="memItemRight bottomAlign"><b><a href="testqdoc-test.html#SomeType-typedef">SomeType</a></b></td></tr>
</table></div>
<h2 id="public-functions">Public Functions</h2>
<div class="table"><table class="alignedsummary">
<tr><td class="memItemLeft rightAlign topAlign"> </td><td class="memItemRight bottomAlign"><b><a href="testqdoc-test.html#Test">Test</a></b>()</td></tr>
<tr><td class="memItemLeft rightAlign topAlign"> TestQDoc::Test &amp;</td><td class="memItemRight bottomAlign"><b><a href="testqdoc-test.html#operator-eq">operator=</a></b>(TestQDoc::Test &amp;&amp;<i>other</i>)</td></tr>
<tr><td class="memItemLeft rightAlign topAlign"> void (*)(bool) </td><td class="memItemRight bottomAlign"><b><a href="testqdoc-test.html#funcPtr">funcPtr</a></b>(bool <i>b</i>, const char *<i>s</i>)</td></tr>
<tr><td class="memItemLeft rightAlign topAlign"> void </td><td class="memItemRight bottomAlign"><b><a href="testqdoc-test.html#inlineFunction">inlineFunction</a></b>()</td></tr>
<tr><td class="memItemLeft rightAlign topAlign"> int </td><td class="memItemRight bottomAlign"><b><a href="testqdoc-test.html#someFunction">someFunction</a></b>(int, int <i>v</i> = 0)</td></tr>
<tr><td class="memItemLeft rightAlign topAlign"> void </td><td class="memItemRight bottomAlign"><b><a href="testqdoc-test.html#someFunctionDefaultArg">someFunctionDefaultArg</a></b>(int <i>i</i>, bool <i>b</i> = false)</td></tr>
<tr><td class="memItemLeft rightAlign topAlign"> virtual void </td><td class="memItemRight bottomAlign"><b><a href="testqdoc-test.html#virtualFun">virtualFun</a></b>()</td></tr>
</table></div>
<h2 id="protected-functions">Protected Functions</h2>
<div class="table"><table class="alignedsummary">
<tr><td class="memItemLeft rightAlign topAlign"> void </td><td class="memItemRight bottomAlign"><b><a href="testqdoc-test.html#overload">overload</a></b>()</td></tr>
<tr><td class="memItemLeft rightAlign topAlign"> void </td><td class="memItemRight bottomAlign"><b><a href="testqdoc-test.html#overload-1">overload</a></b>(bool <i>b</i>)</td></tr>
</table></div>
<h2 id="related-non-members">Related Non-Members</h2>
<div class="table"><table class="alignedsummary">
<tr><td class="memItemLeft rightAlign topAlign"> bool </td><td class="memItemRight bottomAlign"><b><a href="testqdoc-test.html#operator-eq-eq">operator==</a></b>(const TestQDoc::Test &amp;<i>lhs</i>, const TestQDoc::Test &amp;<i>rhs</i>)</td></tr>
</table></div>
<h2 id="macros">Macros</h2>
<div class="table"><table class="alignedsummary">
<tr><td class="memItemLeft rightAlign topAlign"> </td><td class="memItemRight bottomAlign"><b><a href="testqdoc-test.html#QDOCTEST_MACRO2">QDOCTEST_MACRO2</a></b>(int &amp;<i>x</i>)</td></tr>
</table></div>
<!-- $$$Test-description -->
<div class="descr">
<h2 id="details">Detailed Description</h2>
</div>
<!-- @@@Test -->
<div class="types">
<h2>Member Type Documentation</h2>
<!-- $$$SomeType -->
<h3 class="fn" id="SomeType-typedef">Test::<span class="name">SomeType</span></h3>
<p>A typedef.</p>
<!-- @@@SomeType -->
</div>
<div class="func">
<h2>Member Function Documentation</h2>
<!-- $$$ -->
<div class="fngroup">
<h3 class="fn fngroupitem" id="overload"><code>[protected] </code><span class="type">void</span> Test::<span class="name">overload</span>()</h3><h3 class="fn fngroupitem" id="overload-1"><code>[protected, since Test 1.2] </code><span class="type">void</span> Test::<span class="name">overload</span>(<span class="type">bool</span> <i>b</i>)</h3></div>
<p>Overloads that share a documentation comment, optionally taking a parameter <i>b</i>.</p>
<!-- @@@ -->
<!-- $$$Test[overload1]$$$Test -->
<h3 class="fn" id="Test"><code>[default] </code>Test::<span class="name">Test</span>()</h3>
<p>Default constructor.</p>
<!-- @@@Test -->
<!-- $$$operator=[overload1]$$$operator=TestQDoc::Test&& -->
<h3 class="fn" id="operator-eq"><code>[default] </code><span class="type"><a href="testqdoc-test.html">TestQDoc::Test</a></span> &amp;Test::<span class="name">operator=</span>(<span class="type"><a href="testqdoc-test.html">TestQDoc::Test</a></span> &amp;&amp;<i>other</i>)</h3>
<p>Move-assigns <i>other</i>.</p>
<!-- @@@operator= -->
<!-- $$$funcPtr[overload1]$$$funcPtrboolconstchar* -->
<h3 class="fn" id="funcPtr"><span class="type">void</span> (*)(<span class="type">bool</span>) Test::<span class="name">funcPtr</span>(<span class="type">bool</span> <i>b</i>, const <span class="type">char</span> *<i>s</i>)</h3>
<p>Returns a pointer to a function that takes a boolean. Uses <i>b</i> and <i>s</i>.</p>
<!-- @@@funcPtr -->
<!-- $$$inlineFunction[overload1]$$$inlineFunction -->
<h3 class="fn" id="inlineFunction"><span class="type">void</span> Test::<span class="name">inlineFunction</span>()</h3>
<p>An inline function, documented using the \fn QDoc command.</p>
<!-- @@@inlineFunction -->
<!-- $$$someFunction[overload1]$$$someFunctionintint -->
<h3 class="fn" id="someFunction"><span class="type">int</span> Test::<span class="name">someFunction</span>(<span class="type">int</span>, <span class="type">int</span> <i>v</i> = 0)</h3>
<p>Function that takes a parameter <i>v</i>. Also returns the value of <i>v</i>.</p>
<!-- @@@someFunction -->
<!-- $$$someFunctionDefaultArg[overload1]$$$someFunctionDefaultArgintbool -->
<h3 class="fn" id="someFunctionDefaultArg"><span class="type">void</span> Test::<span class="name">someFunctionDefaultArg</span>(<span class="type">int</span> <i>i</i>, <span class="type">bool</span> <i>b</i> = false)</h3>
<p>Function that takes a parameter <i>i</i> and <i>b</i>.</p>
<!-- @@@someFunctionDefaultArg -->
<!-- $$$virtualFun[overload1]$$$virtualFun -->
<h3 class="fn" id="virtualFun"><code>[virtual] </code><span class="type">void</span> Test::<span class="name">virtualFun</span>()</h3>
<p>Function that must be reimplemented.</p>
<!-- @@@virtualFun -->
</div>
<div class="relnonmem">
<h2>Related Non-Members</h2>
<!-- $$$operator==[overload1]$$$operator==constTestQDoc::Test&constTestQDoc::Test& -->
<h3 class="fn" id="operator-eq-eq"><span class="type">bool</span> <span class="name">operator==</span>(const <span class="type"><a href="testqdoc-test.html">TestQDoc::Test</a></span> &amp;<i>lhs</i>, const <span class="type"><a href="testqdoc-test.html">TestQDoc::Test</a></span> &amp;<i>rhs</i>)</h3>
<p>Returns true if <i>lhs</i> and <i>rhs</i> are equal.</p>
<!-- @@@operator== -->
</div>
<div class="macros">
<h2>Macro Documentation</h2>
<!-- $$$QDOCTEST_MACRO2[overload1]$$$QDOCTEST_MACRO2int& -->
<h3 class="fn" id="QDOCTEST_MACRO2"><code>[since Test 1.1] </code><span class="name">QDOCTEST_MACRO2</span>(<span class="type">int</span> &amp;<i>x</i>)</h3>
<p>A macro with argument <i>x</i>.</p>
<p>This function was introduced in Test 1.1.</p>
<!-- @@@QDOCTEST_MACRO2 -->
</div>
</body>
</html>
