<!DOCTYPE html>
<html lang="en">
<head>
  <meta charset="utf-8">
<!-- testcpp.cpp -->
  <title>List of All Members for TestDerived | TestCPP</title>
</head>
<body>
<li>TestDerived</li>
<div class="sidebar"><div class="sidebar-content" id="sidebar-content"></div></div>
<h1 class="title">List of All Members for TestDerived</h1>
<p>This is the complete list of members for <a href="testqdoc-testderived.html">TestQDoc::TestDerived</a>, including inherited members.</p>
<div class="table"><table class="propsummary">
<tr><td class="topAlign"><ul>
<li class="fn"><span class="name"><b><a href="testqdoc-testderived.html#DerivedType-typedef">DerivedType</a></b></span></li>
<li class="fn"><span class="name"><b><a href="testqdoc-testderived.html#NotTypedef-typedef">NotTypedef</a></b></span></li>
<li class="fn"><span class="name"><b><a href="testqdoc-test.html#SomeType-typedef">SomeType</a></b></span></li>
<li class="fn"><span class="name"><b><a href="testqdoc-testderived.html#bindableProp-prop">bindablePropChanged</a></b></span>()</li>
<li class="fn"><span class="name"><b><a href="testqdoc-testderived.html#boolProp-prop">boolPropChanged</a></b></span>()</li>
<li class="fn"><span class="name"><b><a href="testqdoc-testderived.html#emitSomething">emitSomething</a></b></span>()</li>
<li class="fn"><span class="name"><b><a href="testqdoc-test.html#operator-eq">operator=</a></b></span>(TestQDoc::Test &amp;&amp;) : TestQDoc::Test &amp;</li>
<li class="fn"><span class="name"><b><a href="testqdoc-testderived.html#boolProp-prop">resetBoolProp</a></b></span>()</li>
<li class="fn"><span class="name"><b><a href="testqdoc-testderived.html#bindableProp-prop">setBindableProp</a></b></span>(const QString &amp;)</li>
<li class="fn"><span class="name"><b><a href="testqdoc-testderived.html#boolProp-prop">setBoolProp</a></b></span>(bool)</li>
<li class="fn"><span class="name"><b><a href="testqdoc-testderived.html#bindableProp-prop">bindableProp</a></b></span>() : QBindable&lt;QString&gt;</li>
<li class="fn"><span class="name"><b><a href="testqdoc-testderived.html#boolProp-prop">boolProp</a></b></span>() : bool</li>
</ul></td><td class="topAlign"><ul>
<li class="fn"><span class="name"><b><a href="testqdoc-test.html#funcPtr">funcPtr</a></b></span>(bool, const char *) : void (*)(bool)</li>
<li class="fn"><span class="name"><b><a href="testqdoc-testderived.html#intProp-prop">getInt</a></b></span>() : int *</li>
<li class="fn"><span class="name"><b><a href="testqdoc-testderived.html#id">id</a></b></span>() : int</li>
<li class="fn"><span class="name"><b><a href="testqdoc-test.html#inlineFunction">inlineFunction</a></b></span>()</li>
<li class="fn"><span class="name"><b><a href="testqdoc-testderived.html#invokeMe">invokeMe</a></b></span>() const</li>
<li class="fn"><span class="name"><b><a href="testqdoc-testderived.html#name-prop">name</a></b></span>() const : const QString *</li>
<li class="fn"><span class="name"><b><a href="testqdoc-test.html#overload">overload</a></b></span>()</li>
<li class="fn"><span class="name"><b><a href="testqdoc-test.html#overload-1">overload</a></b></span>(bool)</li>
<li class="fn"><span class="name"><b><a href="testqdoc-test.html#someFunction">someFunction</a></b></span>(int, int) : int</li>
<li class="fn"><span class="name"><b><a href="testqdoc-test.html#someFunctionDefaultArg">someFunctionDefaultArg</a></b></span>(int, bool)</li>
<li class="fn"><span class="name"><b><a href="testqdoc-testderived.html#someProp-prop">someProp</a></b></span>() : const QString &amp;</li>
<li class="fn"><span class="name"><b><a href="testqdoc-testderived.html#virtualFun">virtualFun</a></b></span>()</li>
</ul>
</td></tr>
</table></div>
</body>
</html>
