<?xml version="1.0" encoding="UTF-8"?>
<db:article xmlns:db="http://docbook.org/ns/docbook" xmlns:xlink="http://www.w3.org/1999/xlink" version="5.2" xml:lang="en">
<db:info>
<db:title>Parent QML Type</db:title>
<db:productname>QmlPropertyGroups</db:productname>
<db:titleabbrev>A test project for QDoc build artifacts</db:titleabbrev>
<db:abstract>
<db:para>Base QML type.</db:para>
</db:abstract>
</db:info>
<db:variablelist>
<db:varlistentry>
<db:term>Import Statement</db:term>
<db:listitem>
<db:para>import QDoc.Test 1.1</db:para>
</db:listitem>
</db:varlistentry>
<db:varlistentry>
<db:term>Inherited By:</db:term>
<db:listitem>
<db:para><db:link xlink:href="qml-qdoc-test-anotherchild.xml" xlink:role="">AnotherChild</db:link></db:para>
</db:listitem>
</db:varlistentry>
</db:variablelist>
<db:section xml:id="details">
<db:title>Detailed Description</db:title>
</db:section>
<db:section xml:id="property-documentation">
<db:title>Property Documentation</db:title>
<db:section xml:id="group-prop">
<db:title>group group</db:title>
<db:bridgehead renderas="sect2" xml:id="group.a-prop">group.a : int</db:bridgehead>
<db:fieldsynopsis>
<db:type>int</db:type>
<db:varname>group.a</db:varname>
<db:modifier>writable</db:modifier>
<db:synopsisinfo db:role="access">public</db:synopsisinfo>
<db:synopsisinfo db:role="status">active</db:synopsisinfo>
<db:synopsisinfo db:role="threadsafeness">unspecified</db:synopsisinfo>
</db:fieldsynopsis>
<db:bridgehead renderas="sect2" xml:id="group.b-prop">[read-only] group.b : int</db:bridgehead>
<db:fieldsynopsis>
<db:type>int</db:type>
<db:varname>group.b</db:varname>
<db:modifier>[read-only]</db:modifier>

<db:synopsisinfo db:role="access">public</db:synopsisinfo>
<db:synopsisinfo db:role="status">active</db:synopsisinfo>
<db:synopsisinfo db:role="threadsafeness">unspecified</db:synopsisinfo>
</db:fieldsynopsis>
<db:bridgehead renderas="sect2" xml:id="group.c-prop">[since 2.0] group.c : int</db:bridgehead>
<db:fieldsynopsis>
<db:type>int</db:type>
<db:varname>group.c</db:varname>
<db:modifier>writable</db:modifier>
<db:synopsisinfo db:role="access">public</db:synopsisinfo>
<db:synopsisinfo db:role="status">active</db:synopsisinfo>
<db:synopsisinfo db:role="threadsafeness">unspecified</db:synopsisinfo>
</db:fieldsynopsis>
<db:para>Property group.</db:para>
</db:section>
</db:section>
</db:article>
