<!DOCTYPE html>
<html lang="en">
<head>
  <meta charset="utf-8">
<!-- testcpp.cpp -->
  <title>QDoc Test C++ Classes | Test</title>
</head>
<body>
<div class="sidebar">
<div class="toc">
<h3 id="toc">Contents</h3>
<ul>
<li class="level1"><a href="#details">Detailed Description</a></li>
<li class="level2"><a href="#linking-to-function-like-things">Linking to function-like things</a></li>
<li class="level3"><a href="#section">section()</a></li>
</ul>
</div>
<div class="sidebar-content" id="sidebar-content"></div></div>
<h1 class="title">QDoc Test C++ Classes</h1>
<!-- $$$TestCPP-brief -->
<p>A test module page. <a href="#details">More...</a></p>
<!-- @@@TestCPP -->
<!-- $$$TestCPP-description -->
<div class="descr">
<h2 id="details">Detailed Description</h2>
<div class="admonition note">
<p><b>Note: </b>This is just a test.</p>
</div>
<h3 id="linking-to-function-like-things">Linking to function-like things</h3>
<ul>
<li><a href="testqdoc-test.html#someFunctionDefaultArg">someFunctionDefaultArg</a>()</li>
<li><a href="testqdoc-test.html#QDOCTEST_MACRO2">QDOCTEST_MACRO2</a>()</li>
<li><a href="testqdoc-test.html#QDOCTEST_MACRO2">QDOCTEST_MACRO2</a>(int &amp;x)</li>
<li><a href="testcpp-module.html#section">section()</a></li>
<li><a href="testcpp-module.html#section">section() is a section title</a></li>
<li><a href="testqdoc-test.html#Test">open( parenthesis</a></li>
<li><a href="https://en.cppreference.com/w/cpp/utility/move">C++11 added std::move(T&amp;&amp; t)</a></li>
</ul>
<h4 id="section">section()</h4>
</div>
<!-- @@@TestCPP -->
</body>
</html>
