<?xml version="1.0" encoding="UTF-8"?>
<db:article xmlns:db="http://docbook.org/ns/docbook" xmlns:xlink="http://www.w3.org/1999/xlink" version="5.2" xml:lang="en">
<db:info>
<db:title>TypeNoVersion QML Type</db:title>
<db:productname>Test</db:productname>
<db:titleabbrev>A test project for QDoc build artifacts</db:titleabbrev>
<db:abstract>
<db:para>Another QML type documented in a .cpp file.</db:para>
</db:abstract>
</db:info>
<db:variablelist>
<db:varlistentry>
<db:term>Import Statement</db:term>
<db:listitem>
<db:para>import Test.NoVer</db:para>
</db:listitem>
</db:varlistentry>
<db:varlistentry>
<db:term>Instantiates:</db:term>
<db:listitem>
<db:para><db:link xlink:href="testqdoc-testderived.xml">TestDerived</db:link></db:para>
</db:listitem>
</db:varlistentry>
</db:variablelist>
<db:section xml:id="details">
<db:title>Detailed Description</db:title>
</db:section>
</db:article>
