<?xml version="1.0" encoding="UTF-8"?>
<db:article xmlns:db="http://docbook.org/ns/docbook" xmlns:xlink="http://www.w3.org/1999/xlink" version="5.2" xml:lang="en">
<db:info>
<db:title>TestDerived Class</db:title>
<db:subtitle>TestQDoc::TestDerived</db:subtitle>
<db:productname>TestCPP</db:productname>
<db:titleabbrev>TestCPP Reference Documentation</db:titleabbrev>
<db:abstract>
<db:para>A derived class in a namespace.</db:para>
</db:abstract>
</db:info>
<db:variablelist>
<db:varlistentry>
<db:term>Header</db:term>
<db:listitem>
<db:para>TestDerived</db:para>
</db:listitem>
</db:varlistentry>
<db:varlistentry>
<db:term>CMake</db:term>
<db:listitem>
<db:para>find_package(Qt6 COMPONENTS QDocTest REQUIRED)</db:para>
<db:para>target_link_libraries(mytarget PRIVATE Qt6::QDocTest)</db:para>
</db:listitem>
</db:varlistentry>
<db:varlistentry>
<db:term>qmake</db:term>
<db:listitem>
<db:para>QT += testcpp</db:para>
</db:listitem>
</db:varlistentry>
<db:varlistentry>
<db:term>Inherits</db:term>
<db:listitem>
<db:para><db:link xlink:href="testqdoc-test.xml" xlink:role="class">TestQDoc::Test</db:link></db:para>
</db:listitem>
</db:varlistentry>
</db:variablelist>
<db:section xml:id="details">
<db:title>Detailed Description</db:title>
</db:section>
<db:section xml:id="member-type-documentation">
<db:title>Member Type Documentation</db:title>
<db:section xml:id="DerivedType-typedef">
<db:title>[alias] TestDerived::DerivedType</db:title>
<db:typedefsynopsis>
<db:type>DerivedType</db:type><db:synopsisinfo db:role="access">public</db:synopsisinfo>
<db:synopsisinfo db:role="status">active</db:synopsisinfo>
<db:synopsisinfo db:role="threadsafeness">unspecified</db:synopsisinfo>
</db:typedefsynopsis>
<db:para>An aliased typedef.</db:para>
</db:section>
<db:section xml:id="NotTypedef-typedef">
<db:title>[alias] TestDerived::NotTypedef</db:title>
<db:typedefsynopsis>
<db:type>NotTypedef</db:type><db:synopsisinfo db:role="access">public</db:synopsisinfo>
<db:synopsisinfo db:role="status">active</db:synopsisinfo>
<db:synopsisinfo db:role="threadsafeness">unspecified</db:synopsisinfo>
</db:typedefsynopsis>
<db:para>I'm an alias, not a typedef.</db:para>
</db:section>
</db:section>
<db:section xml:id="property-documentation">
<db:title>Property Documentation</db:title>
<db:section xml:id="bindableProp-prop">
<db:title>[bindable] bindableProp : QString</db:title>
<db:fieldsynopsis>
<db:modifier>(Qt property)</db:modifier>
<db:type>QString</db:type>
<db:varname>bindableProp</db:varname>
<db:synopsisinfo db:role="access">public</db:synopsisinfo>
<db:synopsisinfo db:role="status">active</db:synopsisinfo>
<db:synopsisinfo db:role="threadsafeness">unspecified</db:synopsisinfo>
<db:synopsisinfo db:role="getter">bindableProp</db:synopsisinfo>
<db:synopsisinfo db:role="setter">setBindableProp</db:synopsisinfo>
<db:synopsisinfo db:role="notifier">bindablePropChanged</db:synopsisinfo>
</db:fieldsynopsis>
<db:para>This property supports <db:link xlink:href="https://wiki.qt.io/QProperty">QProperty</db:link> bindings.</db:para>
<db:para>Some property.</db:para>
</db:section>
<db:section xml:id="boolProp-prop">
<db:title>boolProp : bool</db:title>
<db:fieldsynopsis>
<db:modifier>(Qt property)</db:modifier>
<db:type>bool</db:type>
<db:varname>boolProp</db:varname>
<db:synopsisinfo db:role="access">public</db:synopsisinfo>
<db:synopsisinfo db:role="status">active</db:synopsisinfo>
<db:synopsisinfo db:role="threadsafeness">unspecified</db:synopsisinfo>
<db:synopsisinfo db:role="getter">boolProp</db:synopsisinfo>
<db:synopsisinfo db:role="setter">setBoolProp</db:synopsisinfo>
<db:synopsisinfo db:role="resetter">resetBoolProp</db:synopsisinfo>
<db:synopsisinfo db:role="notifier">boolPropChanged</db:synopsisinfo>
</db:fieldsynopsis>
<db:para>A boolean property.</db:para>
<db:para>
<db:emphasis role="bold">Access functions:
</db:emphasis>
</db:para>
<db:itemizedlist>
<db:listitem>
<db:para><db:type>bool</db:type> <db:emphasis role="bold"><db:link xlink:href="">boolProp</db:link></db:emphasis>()</db:para>
</db:listitem>
<db:listitem>
<db:para><db:type>void</db:type> <db:emphasis role="bold"><db:link xlink:href="">setBoolProp</db:link></db:emphasis>(<db:type>bool</db:type> <db:emphasis>b</db:emphasis>)</db:para>
</db:listitem>
<db:listitem>
<db:para><db:type>void</db:type> <db:emphasis role="bold"><db:link xlink:href="">resetBoolProp</db:link></db:emphasis>()</db:para>
</db:listitem>
</db:itemizedlist>
<db:para>
<db:emphasis role="bold">Notifier signal:
</db:emphasis>
</db:para>
<db:itemizedlist>
<db:listitem>
<db:para><db:type>void</db:type> <db:emphasis role="bold"><db:link xlink:href="">boolPropChanged</db:link></db:emphasis>()</db:para>
</db:listitem>
</db:itemizedlist>
</db:section>
<db:section xml:id="intProp-prop">
<db:title>[read-only] intProp : int* const</db:title>
<db:fieldsynopsis>
<db:modifier>(Qt property)</db:modifier>
<db:type>int*</db:type>
<db:varname>intProp</db:varname>
<db:synopsisinfo db:role="access">public</db:synopsisinfo>
<db:synopsisinfo db:role="status">active</db:synopsisinfo>
<db:synopsisinfo db:role="threadsafeness">unspecified</db:synopsisinfo>
<db:synopsisinfo db:role="getter">getInt</db:synopsisinfo>
</db:fieldsynopsis>
<db:para>An integer property.</db:para>
<db:para>
<db:emphasis role="bold">Access functions:
</db:emphasis>
</db:para>
<db:itemizedlist>
<db:listitem>
<db:para><db:type>int</db:type> *<db:emphasis role="bold"><db:link xlink:href="">getInt</db:link></db:emphasis>()</db:para>
</db:listitem>
</db:itemizedlist>
</db:section>
<db:section xml:id="name-prop">
<db:title>[read-only] name : const QString*</db:title>
<db:fieldsynopsis>
<db:modifier>(Qt property)</db:modifier>
<db:type>const QString*</db:type>
<db:varname>name</db:varname>
<db:synopsisinfo db:role="access">public</db:synopsisinfo>
<db:synopsisinfo db:role="status">active</db:synopsisinfo>
<db:synopsisinfo db:role="threadsafeness">unspecified</db:synopsisinfo>
<db:synopsisinfo db:role="getter">name</db:synopsisinfo>
</db:fieldsynopsis>
<db:para>This property holds a name.</db:para>
<db:para>
<db:emphasis role="bold">Access functions:
</db:emphasis>
</db:para>
<db:itemizedlist>
<db:listitem>
<db:para>const <db:type>QString</db:type> *<db:emphasis role="bold"><db:link xlink:href="">name</db:link></db:emphasis>() const</db:para>
</db:listitem>
</db:itemizedlist>
</db:section>
<db:section xml:id="someProp-prop">
<db:title>[bindable read-only] someProp : QString</db:title>
<db:fieldsynopsis>
<db:modifier>(Qt property)</db:modifier>
<db:type>QString</db:type>
<db:varname>someProp</db:varname>
<db:synopsisinfo db:role="access">public</db:synopsisinfo>
<db:synopsisinfo db:role="status">active</db:synopsisinfo>
<db:synopsisinfo db:role="threadsafeness">unspecified</db:synopsisinfo>
<db:synopsisinfo db:role="getter">someProp</db:synopsisinfo>
</db:fieldsynopsis>
<db:para>This property supports <db:link xlink:href="https://wiki.qt.io/QProperty">QProperty</db:link> bindings.</db:para>
<db:para>Another property.</db:para>
</db:section>
</db:section>
<db:section xml:id="member-function-documentation">
<db:title>Member Function Documentation</db:title>
<db:section xml:id="emitSomething">
<db:title>[private signal] TestDerived::void emitSomething()</db:title>
<db:methodsynopsis>
<db:void/>
<db:methodname>emitSomething</db:methodname>
<db:void/>
<db:synopsisinfo db:role="meta">signal</db:synopsisinfo>
<db:synopsisinfo db:role="signature">void emitSomething()</db:synopsisinfo>
<db:synopsisinfo db:role="access">public</db:synopsisinfo>
<db:synopsisinfo db:role="status">active</db:synopsisinfo>
<db:synopsisinfo db:role="threadsafeness">unspecified</db:synopsisinfo>
</db:methodsynopsis>
<db:para>Emitted when things happen.</db:para>
<db:note>
<db:para>This is a private signal. It can be used in signal connections but cannot be emitted by the user.</db:para></db:note>
</db:section>
<db:section xml:id="id">
<db:title>[override virtual] TestDerived::int id()</db:title>
<db:methodsynopsis>
<db:modifier>virtual</db:modifier>
<db:type>int</db:type>
<db:methodname>id</db:methodname>
<db:modifier>override</db:modifier>
<db:void/>
<db:synopsisinfo db:role="meta">plain</db:synopsisinfo>
<db:synopsisinfo db:role="signature">int id() override</db:synopsisinfo>
<db:synopsisinfo db:role="access">public</db:synopsisinfo>
<db:synopsisinfo db:role="status">active</db:synopsisinfo>
<db:synopsisinfo db:role="threadsafeness">unspecified</db:synopsisinfo>
</db:methodsynopsis>
<db:para>Reimplements an access function for property: <db:link xlink:href="testqdoc-test.xml#id-prop" type="property">Test::id</db:link>.</db:para>
<db:section xml:id="invokeMe">
<db:title>[invokable] TestDerived::void invokeMe() const</db:title>
<db:methodsynopsis>
<db:modifier>const</db:modifier>
<db:void/>
<db:methodname>invokeMe</db:methodname>
<db:void/>
<db:synopsisinfo db:role="meta">plain</db:synopsisinfo>
<db:synopsisinfo db:role="signature">void invokeMe() const</db:synopsisinfo>
<db:synopsisinfo db:role="access">public</db:synopsisinfo>
<db:synopsisinfo db:role="status">active</db:synopsisinfo>
<db:synopsisinfo db:role="threadsafeness">unspecified</db:synopsisinfo>
</db:methodsynopsis>
<db:para>Something invokable.</db:para>
<db:note>
<db:para>This function can be invoked via the meta-object system and from QML. See <db:link xlink:href="">Q_INVOKABLE</db:link>.</db:para>
</db:note>
</db:section>
<db:section xml:id="virtualFun">
<db:title>[override virtual] TestDerived::void virtualFun()</db:title>
<db:methodsynopsis>
<db:modifier>virtual</db:modifier>
<db:void/>
<db:methodname>virtualFun</db:methodname>
<db:modifier>override</db:modifier>
<db:void/>
<db:synopsisinfo db:role="meta">plain</db:synopsisinfo>
<db:synopsisinfo db:role="signature">void virtualFun() override</db:synopsisinfo>
<db:synopsisinfo db:role="access">public</db:synopsisinfo>
<db:synopsisinfo db:role="status">active</db:synopsisinfo>
<db:synopsisinfo db:role="threadsafeness">unspecified</db:synopsisinfo>
</db:methodsynopsis>
<db:para>Reimplements: <db:link xlink:href="testqdoc-test.xml#virtualFun" type="function">Test::virtualFun()</db:link>.</db:para>
</db:section>
<db:section xml:id="obsolete">
<db:title>Obsolete Members for TestDerived</db:title>
<db:para><db:emphasis role="bold">The following members of class <db:link xlink:href="testqdoc-testderived.xml">TestDerived</db:link> are deprecated.</db:emphasis> We strongly advise against using them in new code.</db:para>
<db:section xml:id="member-function-documentation">
<db:title>Member Function Documentation</db:title>
<db:section xml:id="staticObsoleteMember">
<db:title>[static] TestDerived::void staticObsoleteMember()</db:title>
<db:methodsynopsis>
<db:modifier>static</db:modifier>
<db:void/>
<db:methodname>staticObsoleteMember</db:methodname>
<db:void/>
<db:synopsisinfo db:role="meta">plain</db:synopsisinfo>
<db:synopsisinfo db:role="signature">void staticObsoleteMember()</db:synopsisinfo>
<db:synopsisinfo db:role="access">public</db:synopsisinfo>
<db:synopsisinfo db:role="status">deprecated</db:synopsisinfo>
<db:synopsisinfo db:role="threadsafeness">unspecified</db:synopsisinfo>
</db:methodsynopsis>
<db:para>This function is deprecated. We strongly advise against using it in new code.</db:para>
<db:para>Static obsolete method.</db:para>
</db:section>
</db:section>
</db:section>
</db:section></db:section></db:article>
